// Jest Snapshot v1, https://goo.gl/fbAQLP

exports[`Home Component renders correctly 1`] = `
<View
  style={
    {
      "backgroundColor": "#424F6F",
      "flex": 1,
    }
  }
/>
`;
